// Jest Snapshot v1, https://goo.gl/fbAQLP

exports[`Test <Gifgrid]/> should should display loading initially 1`] = `
<div>
  <h3>
    category
  </h3>
  <div
    class="card-grid"
  >
    <h2>
      Loading...
    </h2>
  </div>
</div>
`;
